// Jest Snapshot v1, https://goo.gl/fbAQLP

exports[`App Rendering 1`] = `
<DocumentFragment>
  <div>
    <h2>
      Run command \`yarn storybook\` for you see all components :(
    </h2>
  </div>
</DocumentFragment>
`;
